<!DOCTYPE html PUBLIC "-//W3C//DTD XHTML 1.0 Transitional//EN" "http://www.w3.org/TR/xhtml1/DTD/xhtml1-transitional.dtd"><html xmlns="http://www.w3.org/1999/xhtml"><head><link rel="stylesheet" type="text/css" href="style.css" /><script type="text/javascript" src="highlight.js"></script></head><body><pre><span class="hs-comment">-- | &quot;Golden tests&quot; using 'ediff' comparison.</span><span>
</span><span id="line-2"></span><span class="hs-keyword">module</span><span> </span><span class="hs-identifier">Data.TreeDiff.Golden</span><span> </span><span class="hs-special">(</span><span>
</span><span id="line-3"></span><span>    </span><span class="annot"><a href="Data.TreeDiff.Golden.html#ediffGolden"><span class="hs-identifier">ediffGolden</span></a></span><span class="hs-special">,</span><span>
</span><span id="line-4"></span><span class="hs-special">)</span><span> </span><span class="hs-keyword">where</span><span>
</span><span id="line-5"></span><span>
</span><span id="line-6"></span><span class="hs-keyword">import</span><span> </span><span class="annot"><a href="Data.TreeDiff.html"><span class="hs-identifier">Data.TreeDiff</span></a></span><span>
</span><span id="line-7"></span><span class="hs-keyword">import</span><span> </span><span class="annot"><a href="../../../../ghc/html/libraries/base-4.14.3.0/src"><span class="hs-identifier">Prelude</span></a></span><span> </span><span class="hs-special">(</span><span class="hs-special">)</span><span>
</span><span id="line-8"></span><span class="hs-keyword">import</span><span> </span><span class="annot"><a href="../../../../base-compat-batteries/html/src"><span class="hs-identifier">Prelude.Compat</span></a></span><span>
</span><span id="line-9"></span><span class="hs-keyword">import</span><span> </span><span class="annot"><a href="../../../../ansi-terminal/html/src"><span class="hs-identifier">System.Console.ANSI</span></a></span><span> </span><span class="hs-special">(</span><span class="annot"><a href="../../../../ansi-terminal/html/src"><span class="hs-identifier">SGR</span></a></span><span> </span><span class="hs-special">(</span><span class="annot"><a href="../../../../ansi-terminal/html/src"><span class="hs-identifier">Reset</span></a></span><span class="hs-special">)</span><span class="hs-special">,</span><span> </span><span class="annot"><a href="../../../../ansi-terminal/html/src"><span class="hs-identifier">setSGRCode</span></a></span><span class="hs-special">)</span><span>
</span><span id="line-10"></span><span class="hs-keyword">import</span><span> </span><span class="annot"><a href="../../../../parsec/html/src"><span class="hs-identifier">Text.Parsec</span></a></span><span>         </span><span class="hs-special">(</span><span class="annot"><a href="../../../../parsec/html/src"><span class="hs-identifier">eof</span></a></span><span class="hs-special">,</span><span> </span><span class="annot"><a href="../../../../parsec/html/src"><span class="hs-identifier">parse</span></a></span><span class="hs-special">)</span><span>
</span><span id="line-11"></span><span class="hs-keyword">import</span><span> </span><span class="annot"><a href="../../../../parsec/html/src"><span class="hs-identifier">Text.Parsec.Text</span></a></span><span> </span><span class="hs-special">(</span><span class="hs-special">)</span><span>
</span><span id="line-12"></span><span>
</span><span id="line-13"></span><span class="hs-keyword">import</span><span> </span><span class="hs-keyword">qualified</span><span> </span><span class="annot"><a href="../../../../bytestring/html/src"><span class="hs-identifier">Data.ByteString</span></a></span><span>              </span><span class="hs-keyword">as</span><span> </span><span class="annot"><span class="hs-identifier">BS</span></span><span>
</span><span id="line-14"></span><span class="hs-keyword">import</span><span> </span><span class="hs-keyword">qualified</span><span> </span><span class="annot"><a href="../../../../text/html/src"><span class="hs-identifier">Data.Text</span></a></span><span>                    </span><span class="hs-keyword">as</span><span> </span><span class="annot"><span class="hs-identifier">T</span></span><span>
</span><span id="line-15"></span><span class="hs-keyword">import</span><span> </span><span class="hs-keyword">qualified</span><span> </span><span class="annot"><a href="../../../../text/html/src"><span class="hs-identifier">Data.Text.Encoding</span></a></span><span>           </span><span class="hs-keyword">as</span><span> </span><span class="annot"><span class="hs-identifier">TE</span></span><span>
</span><span id="line-16"></span><span class="hs-keyword">import</span><span> </span><span class="hs-keyword">qualified</span><span> </span><span class="annot"><a href="../../../../ansi-wl-pprint/html/src"><span class="hs-identifier">Text.PrettyPrint.ANSI.Leijen</span></a></span><span> </span><span class="hs-keyword">as</span><span> </span><span class="annot"><span class="hs-identifier">WL</span></span><span>
</span><span id="line-17"></span><span>
</span><span id="line-18"></span><span class="hs-comment">-- | Make a golden tests.</span><span>
</span><span id="line-19"></span><span class="hs-comment">--</span><span>
</span><span id="line-20"></span><span class="hs-comment">-- 'ediffGolden' is testing framework agnostic, thus the type</span><span>
</span><span id="line-21"></span><span class="hs-comment">-- looks intimidating.</span><span>
</span><span id="line-22"></span><span class="hs-comment">--</span><span>
</span><span id="line-23"></span><span class="hs-comment">-- An example using @tasty-golden@,</span><span>
</span><span id="line-24"></span><span class="hs-comment">-- 'goldenTest' is imported from &quot;Test.Tasty.Golden.Advanced&quot;</span><span>
</span><span id="line-25"></span><span class="hs-comment">--</span><span>
</span><span id="line-26"></span><span class="hs-comment">-- @</span><span>
</span><span id="line-27"></span><span class="hs-comment">-- exTest :: TestTree</span><span>
</span><span id="line-28"></span><span class="hs-comment">-- exTest = 'ediffGolden' goldenTest &quot;golden test&quot; &quot;fixtures/ex.expr&quot; $</span><span>
</span><span id="line-29"></span><span class="hs-comment">--    action constructing actual value</span><span>
</span><span id="line-30"></span><span class="hs-comment">-- @</span><span>
</span><span id="line-31"></span><span class="hs-comment">--</span><span>
</span><span id="line-32"></span><span class="hs-comment">-- The 'ediffGolden' will read an 'Expr' from provided path to golden file,</span><span>
</span><span id="line-33"></span><span class="hs-comment">-- and compare it with a 'toExpr' of a result. If values differ,</span><span>
</span><span id="line-34"></span><span class="hs-comment">-- the (compact) diff of two will be printed.</span><span>
</span><span id="line-35"></span><span class="hs-comment">--</span><span>
</span><span id="line-36"></span><span class="hs-comment">-- See &lt;https://github.com/phadej/tree-diff/blob/master/tests/Tests.hs&gt;</span><span>
</span><span id="line-37"></span><span class="hs-comment">-- for a proper example.</span><span>
</span><span id="line-38"></span><span class="hs-comment">--</span><span>
</span><span id="line-39"></span><span id="local-6989586621679091173"><span id="local-6989586621679091174"><span id="local-6989586621679091175"><span class="annot"><a href="Data.TreeDiff.Golden.html#ediffGolden"><span class="hs-identifier hs-type">ediffGolden</span></a></span><span>
</span><span id="line-40"></span><span>    </span><span class="hs-glyph">::</span><span> </span><span class="hs-special">(</span><span class="annot"><a href="../../../../ghc/html/libraries/ghc-prim-0.6.1/src"><span class="hs-identifier hs-type">Eq</span></a></span><span> </span><span class="annot"><a href="#local-6989586621679091175"><span class="hs-identifier hs-type">a</span></a></span><span class="hs-special">,</span><span> </span><span class="annot"><a href="Data.TreeDiff.Class.html#ToExpr"><span class="hs-identifier hs-type">ToExpr</span></a></span><span> </span><span class="annot"><a href="#local-6989586621679091175"><span class="hs-identifier hs-type">a</span></a></span><span class="hs-special">)</span><span>
</span><span id="line-41"></span><span>    </span><span class="hs-glyph">=&gt;</span><span> </span><span class="hs-special">(</span><span class="annot"><a href="#local-6989586621679091174"><span class="hs-identifier hs-type">testName</span></a></span><span> </span><span class="hs-glyph">-&gt;</span><span> </span><span class="annot"><a href="../../../../ghc/html/libraries/ghc-prim-0.6.1/src"><span class="hs-identifier hs-type">IO</span></a></span><span> </span><span class="annot"><a href="Data.TreeDiff.Expr.html#Expr"><span class="hs-identifier hs-type">Expr</span></a></span><span> </span><span class="hs-glyph">-&gt;</span><span> </span><span class="annot"><a href="../../../../ghc/html/libraries/ghc-prim-0.6.1/src"><span class="hs-identifier hs-type">IO</span></a></span><span> </span><span class="annot"><a href="Data.TreeDiff.Expr.html#Expr"><span class="hs-identifier hs-type">Expr</span></a></span><span> </span><span class="hs-glyph">-&gt;</span><span> </span><span class="hs-special">(</span><span class="annot"><a href="Data.TreeDiff.Expr.html#Expr"><span class="hs-identifier hs-type">Expr</span></a></span><span> </span><span class="hs-glyph">-&gt;</span><span> </span><span class="annot"><a href="Data.TreeDiff.Expr.html#Expr"><span class="hs-identifier hs-type">Expr</span></a></span><span> </span><span class="hs-glyph">-&gt;</span><span> </span><span class="annot"><a href="../../../../ghc/html/libraries/ghc-prim-0.6.1/src"><span class="hs-identifier hs-type">IO</span></a></span><span> </span><span class="hs-special">(</span><span class="annot"><a href="../../../../ghc/html/libraries/base-4.14.3.0/src"><span class="hs-identifier hs-type">Maybe</span></a></span><span> </span><span class="annot"><a href="../../../../ghc/html/libraries/base-4.14.3.0/src"><span class="hs-identifier hs-type">String</span></a></span><span class="hs-special">)</span><span class="hs-special">)</span><span> </span><span class="hs-glyph">-&gt;</span><span> </span><span class="hs-special">(</span><span class="annot"><a href="Data.TreeDiff.Expr.html#Expr"><span class="hs-identifier hs-type">Expr</span></a></span><span> </span><span class="hs-glyph">-&gt;</span><span> </span><span class="annot"><a href="../../../../ghc/html/libraries/ghc-prim-0.6.1/src"><span class="hs-identifier hs-type">IO</span></a></span><span> </span><span class="hs-special">(</span><span class="hs-special">)</span><span class="hs-special">)</span><span> </span><span class="hs-glyph">-&gt;</span><span> </span><span class="annot"><a href="#local-6989586621679091173"><span class="hs-identifier hs-type">testTree</span></a></span><span class="hs-special">)</span><span> </span><span class="hs-comment">-- ^ 'goldenTest'</span><span>
</span><span id="line-42"></span><span>    </span><span class="hs-glyph">-&gt;</span><span> </span><span class="annot"><a href="#local-6989586621679091174"><span class="hs-identifier hs-type">testName</span></a></span><span>  </span><span class="hs-comment">-- ^ test name</span><span>
</span><span id="line-43"></span><span>    </span><span class="hs-glyph">-&gt;</span><span> </span><span class="annot"><a href="../../../../ghc/html/libraries/base-4.14.3.0/src"><span class="hs-identifier hs-type">FilePath</span></a></span><span>  </span><span class="hs-comment">-- ^ path to &quot;golden file&quot;</span><span>
</span><span id="line-44"></span><span>    </span><span class="hs-glyph">-&gt;</span><span> </span><span class="annot"><a href="../../../../ghc/html/libraries/ghc-prim-0.6.1/src"><span class="hs-identifier hs-type">IO</span></a></span><span> </span><span class="annot"><a href="#local-6989586621679091175"><span class="hs-identifier hs-type">a</span></a></span><span>      </span><span class="hs-comment">-- ^ result value</span><span>
</span><span id="line-45"></span><span>    </span><span class="hs-glyph">-&gt;</span><span> </span><span class="annot"><a href="#local-6989586621679091173"><span class="hs-identifier hs-type">testTree</span></a></span></span></span></span><span>
</span><span id="line-46"></span><span id="ediffGolden"><span class="annot"><span class="annottext">ediffGolden :: (testName
 -&gt; IO Expr
 -&gt; IO Expr
 -&gt; (Expr -&gt; Expr -&gt; IO (Maybe String))
 -&gt; (Expr -&gt; IO ())
 -&gt; testTree)
-&gt; testName -&gt; String -&gt; IO a -&gt; testTree
</span><a href="Data.TreeDiff.Golden.html#ediffGolden"><span class="hs-identifier hs-var hs-var">ediffGolden</span></a></span></span><span> </span><span id="local-6989586621679091171"><span class="annot"><span class="annottext">testName
-&gt; IO Expr
-&gt; IO Expr
-&gt; (Expr -&gt; Expr -&gt; IO (Maybe String))
-&gt; (Expr -&gt; IO ())
-&gt; testTree
</span><a href="#local-6989586621679091171"><span class="hs-identifier hs-var">impl</span></a></span></span><span> </span><span id="local-6989586621679091170"><span class="annot"><span class="annottext">testName
</span><a href="#local-6989586621679091170"><span class="hs-identifier hs-var">testName</span></a></span></span><span> </span><span id="local-6989586621679091169"><span class="annot"><span class="annottext">String
</span><a href="#local-6989586621679091169"><span class="hs-identifier hs-var">fp</span></a></span></span><span> </span><span id="local-6989586621679091168"><span class="annot"><span class="annottext">IO a
</span><a href="#local-6989586621679091168"><span class="hs-identifier hs-var">x</span></a></span></span><span> </span><span class="hs-glyph">=</span><span> </span><span class="annot"><span class="annottext">testName
-&gt; IO Expr
-&gt; IO Expr
-&gt; (Expr -&gt; Expr -&gt; IO (Maybe String))
-&gt; (Expr -&gt; IO ())
-&gt; testTree
</span><a href="#local-6989586621679091171"><span class="hs-identifier hs-var">impl</span></a></span><span> </span><span class="annot"><span class="annottext">testName
</span><a href="#local-6989586621679091170"><span class="hs-identifier hs-var">testName</span></a></span><span> </span><span class="annot"><span class="annottext">IO Expr
</span><a href="#local-6989586621679091167"><span class="hs-identifier hs-var">expect</span></a></span><span> </span><span class="annot"><span class="annottext">IO Expr
</span><a href="#local-6989586621679091166"><span class="hs-identifier hs-var">actual</span></a></span><span> </span><span class="annot"><span class="annottext">Expr -&gt; Expr -&gt; IO (Maybe String)
forall a (m :: * -&gt; *).
(Eq a, Monad m, ToExpr a) =&gt;
a -&gt; a -&gt; m (Maybe String)
</span><a href="#local-6989586621679091165"><span class="hs-identifier hs-var">cmp</span></a></span><span> </span><span class="annot"><span class="annottext">Expr -&gt; IO ()
</span><a href="#local-6989586621679091164"><span class="hs-identifier hs-var">wrt</span></a></span><span>
</span><span id="line-47"></span><span>  </span><span class="hs-keyword">where</span><span>
</span><span id="line-48"></span><span>    </span><span id="local-6989586621679091166"><span class="annot"><span class="annottext">actual :: IO Expr
</span><a href="#local-6989586621679091166"><span class="hs-identifier hs-var hs-var">actual</span></a></span></span><span> </span><span class="hs-glyph">=</span><span> </span><span class="annot"><span class="annottext">(a -&gt; Expr) -&gt; IO a -&gt; IO Expr
forall (f :: * -&gt; *) a b. Functor f =&gt; (a -&gt; b) -&gt; f a -&gt; f b
</span><a href="../../../../ghc/html/libraries/base-4.14.3.0/src"><span class="hs-identifier hs-var">fmap</span></a></span><span> </span><span class="annot"><span class="annottext">a -&gt; Expr
forall a. ToExpr a =&gt; a -&gt; Expr
</span><a href="Data.TreeDiff.Class.html#toExpr"><span class="hs-identifier hs-var">toExpr</span></a></span><span> </span><span class="annot"><span class="annottext">IO a
</span><a href="#local-6989586621679091168"><span class="hs-identifier hs-var">x</span></a></span><span>
</span><span id="line-49"></span><span>    </span><span id="local-6989586621679091167"><span class="annot"><span class="annottext">expect :: IO Expr
</span><a href="#local-6989586621679091167"><span class="hs-identifier hs-var hs-var">expect</span></a></span></span><span> </span><span class="hs-glyph">=</span><span> </span><span class="hs-keyword">do</span><span>
</span><span id="line-50"></span><span>        </span><span id="local-6989586621679091162"><span class="annot"><span class="annottext">ByteString
</span><a href="#local-6989586621679091162"><span class="hs-identifier hs-var">contents</span></a></span></span><span> </span><span class="hs-glyph">&lt;-</span><span> </span><span class="annot"><span class="annottext">String -&gt; IO ByteString
</span><a href="../../../../bytestring/html/src"><span class="hs-identifier hs-var">BS.readFile</span></a></span><span> </span><span class="annot"><span class="annottext">String
</span><a href="#local-6989586621679091169"><span class="hs-identifier hs-var">fp</span></a></span><span>
</span><span id="line-51"></span><span>        </span><span class="hs-keyword">case</span><span> </span><span class="annot"><span class="annottext">Parsec Text () Expr -&gt; String -&gt; Text -&gt; Either ParseError Expr
forall s t a.
Stream s Identity t =&gt;
Parsec s () a -&gt; String -&gt; s -&gt; Either ParseError a
</span><a href="../../../../parsec/html/src"><span class="hs-identifier hs-var">parse</span></a></span><span> </span><span class="hs-special">(</span><span class="annot"><span class="annottext">Parsec Text () Expr
forall (m :: * -&gt; *). (Monad m, TokenParsing m) =&gt; m Expr
</span><a href="Data.TreeDiff.Parser.html#exprParser"><span class="hs-identifier hs-var">exprParser</span></a></span><span> </span><span class="annot"><span class="annottext">Parsec Text () Expr
-&gt; ParsecT Text () Identity () -&gt; Parsec Text () Expr
forall (f :: * -&gt; *) a b. Applicative f =&gt; f a -&gt; f b -&gt; f a
</span><a href="../../../../ghc/html/libraries/base-4.14.3.0/src"><span class="hs-operator hs-var">&lt;*</span></a></span><span> </span><span class="annot"><span class="annottext">ParsecT Text () Identity ()
forall s (m :: * -&gt; *) t u.
(Stream s m t, Show t) =&gt;
ParsecT s u m ()
</span><a href="../../../../parsec/html/src"><span class="hs-identifier hs-var">eof</span></a></span><span class="hs-special">)</span><span> </span><span class="annot"><span class="annottext">String
</span><a href="#local-6989586621679091169"><span class="hs-identifier hs-var">fp</span></a></span><span> </span><span class="annot"><span class="annottext">(Text -&gt; Either ParseError Expr) -&gt; Text -&gt; Either ParseError Expr
forall a b. (a -&gt; b) -&gt; a -&gt; b
</span><a href="../../../../ghc/html/libraries/base-4.14.3.0/src"><span class="hs-operator hs-var">$</span></a></span><span> </span><span class="annot"><span class="annottext">ByteString -&gt; Text
</span><a href="../../../../text/html/src"><span class="hs-identifier hs-var">TE.decodeUtf8</span></a></span><span> </span><span class="annot"><span class="annottext">ByteString
</span><a href="#local-6989586621679091162"><span class="hs-identifier hs-var">contents</span></a></span><span> </span><span class="hs-keyword">of</span><span>
</span><span id="line-52"></span><span>            </span><span class="annot"><a href="../../../../ghc/html/libraries/base-4.14.3.0/src"><span class="hs-identifier hs-type">Left</span></a></span><span> </span><span id="local-6989586621679091157"><span class="annot"><span class="annottext">ParseError
</span><a href="#local-6989586621679091157"><span class="hs-identifier hs-var">err</span></a></span></span><span> </span><span class="hs-glyph">-&gt;</span><span> </span><span class="annot"><span class="annottext">ParseError -&gt; IO ()
forall a. Show a =&gt; a -&gt; IO ()
</span><a href="../../../../ghc/html/libraries/base-4.14.3.0/src"><span class="hs-identifier hs-var">print</span></a></span><span> </span><span class="annot"><span class="annottext">ParseError
</span><a href="#local-6989586621679091157"><span class="hs-identifier hs-var">err</span></a></span><span> </span><span class="annot"><span class="annottext">IO () -&gt; IO Expr -&gt; IO Expr
forall (m :: * -&gt; *) a b. Monad m =&gt; m a -&gt; m b -&gt; m b
</span><a href="../../../../ghc/html/libraries/base-4.14.3.0/src"><span class="hs-operator hs-var">&gt;&gt;</span></a></span><span> </span><span class="annot"><span class="annottext">String -&gt; IO Expr
forall (m :: * -&gt; *) a. MonadFail m =&gt; String -&gt; m a
</span><a href="../../../../ghc/html/libraries/base-4.14.3.0/src"><span class="hs-identifier hs-var">fail</span></a></span><span> </span><span class="annot"><span class="annottext">String
</span><span class="hs-string">&quot;parse error&quot;</span></span><span>
</span><span id="line-53"></span><span>            </span><span class="annot"><a href="../../../../ghc/html/libraries/base-4.14.3.0/src"><span class="hs-identifier hs-type">Right</span></a></span><span> </span><span id="local-6989586621679091156"><span class="annot"><span class="annottext">Expr
</span><a href="#local-6989586621679091156"><span class="hs-identifier hs-var">r</span></a></span></span><span>  </span><span class="hs-glyph">-&gt;</span><span> </span><span class="annot"><span class="annottext">Expr -&gt; IO Expr
forall (m :: * -&gt; *) a. Monad m =&gt; a -&gt; m a
</span><a href="../../../../ghc/html/libraries/base-4.14.3.0/src"><span class="hs-identifier hs-var">return</span></a></span><span> </span><span class="annot"><span class="annottext">Expr
</span><a href="#local-6989586621679091156"><span class="hs-identifier hs-var">r</span></a></span><span>
</span><span id="line-54"></span><span>    </span><span id="local-6989586621679091165"><span class="annot"><span class="annottext">cmp :: a -&gt; a -&gt; m (Maybe String)
</span><a href="#local-6989586621679091165"><span class="hs-identifier hs-var hs-var">cmp</span></a></span></span><span> </span><span id="local-6989586621679091155"><span class="annot"><span class="annottext">a
</span><a href="#local-6989586621679091155"><span class="hs-identifier hs-var">a</span></a></span></span><span> </span><span id="local-6989586621679091154"><span class="annot"><span class="annottext">a
</span><a href="#local-6989586621679091154"><span class="hs-identifier hs-var">b</span></a></span></span><span>
</span><span id="line-55"></span><span>        </span><span class="hs-glyph">|</span><span> </span><span class="annot"><span class="annottext">a
</span><a href="#local-6989586621679091155"><span class="hs-identifier hs-var">a</span></a></span><span> </span><span class="annot"><span class="annottext">a -&gt; a -&gt; Bool
forall a. Eq a =&gt; a -&gt; a -&gt; Bool
</span><a href="../../../../ghc/html/libraries/ghc-prim-0.6.1/src"><span class="hs-operator hs-var">==</span></a></span><span> </span><span class="annot"><span class="annottext">a
</span><a href="#local-6989586621679091154"><span class="hs-identifier hs-var">b</span></a></span><span>    </span><span class="hs-glyph">=</span><span> </span><span class="annot"><span class="annottext">Maybe String -&gt; m (Maybe String)
forall (m :: * -&gt; *) a. Monad m =&gt; a -&gt; m a
</span><a href="../../../../ghc/html/libraries/base-4.14.3.0/src"><span class="hs-identifier hs-var">return</span></a></span><span> </span><span class="annot"><span class="annottext">Maybe String
forall a. Maybe a
</span><a href="../../../../ghc/html/libraries/base-4.14.3.0/src"><span class="hs-identifier hs-var">Nothing</span></a></span><span>
</span><span id="line-56"></span><span>        </span><span class="hs-glyph">|</span><span> </span><span class="annot"><span class="annottext">Bool
</span><a href="../../../../ghc/html/libraries/base-4.14.3.0/src"><span class="hs-identifier hs-var">otherwise</span></a></span><span> </span><span class="hs-glyph">=</span><span> </span><span class="annot"><span class="annottext">Maybe String -&gt; m (Maybe String)
forall (m :: * -&gt; *) a. Monad m =&gt; a -&gt; m a
</span><a href="../../../../ghc/html/libraries/base-4.14.3.0/src"><span class="hs-identifier hs-var">return</span></a></span><span> </span><span class="annot"><span class="annottext">(Maybe String -&gt; m (Maybe String))
-&gt; Maybe String -&gt; m (Maybe String)
forall a b. (a -&gt; b) -&gt; a -&gt; b
</span><a href="../../../../ghc/html/libraries/base-4.14.3.0/src"><span class="hs-operator hs-var">$</span></a></span><span> </span><span class="annot"><span class="annottext">String -&gt; Maybe String
forall a. a -&gt; Maybe a
</span><a href="../../../../ghc/html/libraries/base-4.14.3.0/src"><span class="hs-identifier hs-var">Just</span></a></span><span> </span><span class="annot"><span class="annottext">(String -&gt; Maybe String) -&gt; String -&gt; Maybe String
forall a b. (a -&gt; b) -&gt; a -&gt; b
</span><a href="../../../../ghc/html/libraries/base-4.14.3.0/src"><span class="hs-operator hs-var">$</span></a></span><span>
</span><span id="line-57"></span><span>            </span><span class="annot"><span class="annottext">[SGR] -&gt; String
</span><a href="../../../../ansi-terminal/html/src"><span class="hs-identifier hs-var">setSGRCode</span></a></span><span> </span><span class="hs-special">[</span><span class="annot"><span class="annottext">SGR
</span><a href="../../../../ansi-terminal/html/src"><span class="hs-identifier hs-var">Reset</span></a></span><span class="hs-special">]</span><span> </span><span class="annot"><span class="annottext">String -&gt; String -&gt; String
forall a. [a] -&gt; [a] -&gt; [a]
</span><a href="../../../../ghc/html/libraries/base-4.14.3.0/src"><span class="hs-operator hs-var">++</span></a></span><span> </span><span class="annot"><span class="annottext">Doc -&gt; String
</span><a href="Data.TreeDiff.Golden.html#showWL"><span class="hs-identifier hs-var">showWL</span></a></span><span> </span><span class="hs-special">(</span><span class="annot"><span class="annottext">Edit EditExpr -&gt; Doc
</span><a href="Data.TreeDiff.Pretty.html#ansiWlEditExprCompact"><span class="hs-identifier hs-var">ansiWlEditExprCompact</span></a></span><span> </span><span class="annot"><span class="annottext">(Edit EditExpr -&gt; Doc) -&gt; Edit EditExpr -&gt; Doc
forall a b. (a -&gt; b) -&gt; a -&gt; b
</span><a href="../../../../ghc/html/libraries/base-4.14.3.0/src"><span class="hs-operator hs-var">$</span></a></span><span> </span><span class="annot"><span class="annottext">a -&gt; a -&gt; Edit EditExpr
forall a. ToExpr a =&gt; a -&gt; a -&gt; Edit EditExpr
</span><a href="Data.TreeDiff.Class.html#ediff"><span class="hs-identifier hs-var">ediff</span></a></span><span> </span><span class="annot"><span class="annottext">a
</span><a href="#local-6989586621679091155"><span class="hs-identifier hs-var">a</span></a></span><span> </span><span class="annot"><span class="annottext">a
</span><a href="#local-6989586621679091154"><span class="hs-identifier hs-var">b</span></a></span><span class="hs-special">)</span><span>
</span><span id="line-58"></span><span>    </span><span id="local-6989586621679091164"><span class="annot"><span class="annottext">wrt :: Expr -&gt; IO ()
</span><a href="#local-6989586621679091164"><span class="hs-identifier hs-var hs-var">wrt</span></a></span></span><span> </span><span id="local-6989586621679091150"><span class="annot"><span class="annottext">Expr
</span><a href="#local-6989586621679091150"><span class="hs-identifier hs-var">expr</span></a></span></span><span> </span><span class="hs-glyph">=</span><span> </span><span class="annot"><span class="annottext">String -&gt; ByteString -&gt; IO ()
</span><a href="../../../../bytestring/html/src"><span class="hs-identifier hs-var">BS.writeFile</span></a></span><span> </span><span class="annot"><span class="annottext">String
</span><a href="#local-6989586621679091169"><span class="hs-identifier hs-var">fp</span></a></span><span> </span><span class="annot"><span class="annottext">(ByteString -&gt; IO ()) -&gt; ByteString -&gt; IO ()
forall a b. (a -&gt; b) -&gt; a -&gt; b
</span><a href="../../../../ghc/html/libraries/base-4.14.3.0/src"><span class="hs-operator hs-var">$</span></a></span><span> </span><span class="annot"><span class="annottext">Text -&gt; ByteString
</span><a href="../../../../text/html/src"><span class="hs-identifier hs-var">TE.encodeUtf8</span></a></span><span> </span><span class="annot"><span class="annottext">(Text -&gt; ByteString) -&gt; Text -&gt; ByteString
forall a b. (a -&gt; b) -&gt; a -&gt; b
</span><a href="../../../../ghc/html/libraries/base-4.14.3.0/src"><span class="hs-operator hs-var">$</span></a></span><span> </span><span class="annot"><span class="annottext">String -&gt; Text
</span><a href="../../../../text/html/src"><span class="hs-identifier hs-var">T.pack</span></a></span><span> </span><span class="annot"><span class="annottext">(String -&gt; Text) -&gt; String -&gt; Text
forall a b. (a -&gt; b) -&gt; a -&gt; b
</span><a href="../../../../ghc/html/libraries/base-4.14.3.0/src"><span class="hs-operator hs-var">$</span></a></span><span> </span><span class="annot"><span class="annottext">Doc -&gt; String
</span><a href="Data.TreeDiff.Golden.html#showWL"><span class="hs-identifier hs-var">showWL</span></a></span><span> </span><span class="hs-special">(</span><span class="annot"><span class="annottext">Doc -&gt; Doc
</span><a href="../../../../ansi-wl-pprint/html/src"><span class="hs-identifier hs-var">WL.plain</span></a></span><span> </span><span class="hs-special">(</span><span class="annot"><span class="annottext">Expr -&gt; Doc
</span><a href="Data.TreeDiff.Pretty.html#ansiWlExpr"><span class="hs-identifier hs-var">ansiWlExpr</span></a></span><span> </span><span class="annot"><span class="annottext">Expr
</span><a href="#local-6989586621679091150"><span class="hs-identifier hs-var">expr</span></a></span><span class="hs-special">)</span><span class="hs-special">)</span><span> </span><span class="annot"><span class="annottext">String -&gt; String -&gt; String
forall a. [a] -&gt; [a] -&gt; [a]
</span><a href="../../../../ghc/html/libraries/base-4.14.3.0/src"><span class="hs-operator hs-var">++</span></a></span><span> </span><span class="annot"><span class="annottext">String
</span><span class="hs-string">&quot;\n&quot;</span></span><span>
</span><span id="line-59"></span><span>
</span><span id="line-60"></span><span class="annot"><a href="Data.TreeDiff.Golden.html#showWL"><span class="hs-identifier hs-type">showWL</span></a></span><span> </span><span class="hs-glyph">::</span><span> </span><span class="annot"><a href="../../../../ansi-wl-pprint/html/src"><span class="hs-identifier hs-type">WL.Doc</span></a></span><span> </span><span class="hs-glyph">-&gt;</span><span> </span><span class="annot"><a href="../../../../ghc/html/libraries/base-4.14.3.0/src"><span class="hs-identifier hs-type">String</span></a></span><span>
</span><span id="line-61"></span><span id="showWL"><span class="annot"><span class="annottext">showWL :: Doc -&gt; String
</span><a href="Data.TreeDiff.Golden.html#showWL"><span class="hs-identifier hs-var hs-var">showWL</span></a></span></span><span> </span><span id="local-6989586621679091144"><span class="annot"><span class="annottext">Doc
</span><a href="#local-6989586621679091144"><span class="hs-identifier hs-var">doc</span></a></span></span><span> </span><span class="hs-glyph">=</span><span> </span><span class="annot"><span class="annottext">SimpleDoc -&gt; String -&gt; String
</span><a href="../../../../ansi-wl-pprint/html/src"><span class="hs-identifier hs-var">WL.displayS</span></a></span><span> </span><span class="hs-special">(</span><span class="annot"><span class="annottext">Float -&gt; Int -&gt; Doc -&gt; SimpleDoc
</span><a href="../../../../ansi-wl-pprint/html/src"><span class="hs-identifier hs-var">WL.renderSmart</span></a></span><span> </span><span class="annot"><span class="annottext">Float
</span><span class="hs-number">0.4</span></span><span> </span><span class="annot"><span class="annottext">Int
</span><span class="hs-number">80</span></span><span> </span><span class="annot"><span class="annottext">Doc
</span><a href="#local-6989586621679091144"><span class="hs-identifier hs-var">doc</span></a></span><span class="hs-special">)</span><span> </span><span class="annot"><span class="annottext">String
</span><span class="hs-string">&quot;&quot;</span></span><span>
</span><span id="line-62"></span></pre></body></html>